../lvgl/examples/anim/../../src/core/../misc/lv_anim.h:119:20:lv_anim_set_var	16	static
../lvgl/examples/anim/../../src/core/../misc/lv_anim.h:131:20:lv_anim_set_exec_cb	16	static
../lvgl/examples/anim/../../src/core/../misc/lv_anim.h:141:20:lv_anim_set_time	16	static
../lvgl/examples/anim/../../src/core/../misc/lv_anim.h:162:20:lv_anim_set_values	24	static
../lvgl/examples/anim/../../src/core/../misc/lv_anim.h:189:20:lv_anim_set_path_cb	16	static
../lvgl/examples/anim/../../src/core/lv_obj_pos.h:186:20:lv_obj_center	16	static
../lvgl/examples/anim/../../src/core/lv_disp.h:163:26:lv_scr_act	8	static
../lvgl/examples/anim/lv_example_anim_1.c:4:13:anim_x_cb	16	static
../lvgl/examples/anim/lv_example_anim_1.c:9:13:sw_event_cb	104	static
../lvgl/examples/anim/lv_example_anim_1.c:39:6:lv_example_anim_1	16	static
