../Core/Src/ssd1963_fsmc.c:67:20:LCD_Window	16	static
../Core/Src/ssd1963_fsmc.c:14:6:swap	0	static
../Core/Src/ssd1963_fsmc.c:41:6:Command_Write	0	static
../Core/Src/ssd1963_fsmc.c:97:6:LCD_Pixel	8	static
../Core/Src/ssd1963_fsmc.c:103:6:LCD_Rect_Fill	16	static
../Core/Src/ssd1963_fsmc.c:109:6:LCD_Rect_flush	40	static
../Core/Src/ssd1963_fsmc.c:122:6:LCD_Line	64	static
../Core/Src/ssd1963_fsmc.c:149:6:LCD_Triangle	48	static
../Core/Src/ssd1963_fsmc.c:156:6:LCD_Rect	48	static
../Core/Src/ssd1963_fsmc.c:164:6:LCD_Ellipse	96	static
../Core/Src/ssd1963_fsmc.c:228:6:LCD_Circle	72	static
../Core/Src/ssd1963_fsmc.c:266:6:LCD_Circle_Helper	72	static
../Core/Src/ssd1963_fsmc.c:302:6:LCD_Rect_Round	64	static
../Core/Src/ssd1963_fsmc.c:315:6:LCD_Circle_Fill_Helper	72	static
../Core/Src/ssd1963_fsmc.c:344:6:LCD_Rect_Round_Fill	56	static
../Core/Src/ssd1963_fsmc.c:386:6:LCD_Font	104	static
../Core/Src/ssd1963_fsmc.c:409:6:LCD_clear	8	static
../Core/Src/ssd1963_fsmc.c:434:6:LCD_Init	32	static
../Core/Src/ssd1963_fsmc.c:529:6:ssd1963_flush	24	static
../Core/Src/ssd1963_fsmc.c:562:6:LCD_Bright	0	static
