../Core/Inc/../../lvgl/src/core/lv_disp.h:163:26:lv_scr_act	8	static
../Core/Inc/../../lvgl/src/lv_api_map.h:35:51:lv_task_handler	8	static
../Core/Src/main.c:118:6:HAL_TIM_PeriodElapsedCallback	16	static
../Core/Src/main.c:179:5:main	72	static
../Core/Src/main.c:302:6:SystemClock_Config	88	static
../Core/Src/main.c:348:13:MX_SPI2_Init	8	static
../Core/Src/main.c:386:13:MX_SPI3_Init	8	static
../Core/Src/main.c:424:13:MX_TIM7_Init	16	static
../Core/Src/main.c:462:13:MX_TIM10_Init	8	static
../Core/Src/main.c:493:13:MX_USART3_UART_Init	8	static
../Core/Src/main.c:526:13:MX_GPIO_Init	56	static
../Core/Src/main.c:609:13:MX_FSMC_Init	48	static
../Core/Src/main.c:675:6:Error_Handler	4	static,ignoring_inline_asm
