../Core/Inc/ssd1963_fsmc.h:116:20:LCD_Send_Cmd	16	static
../Core/Inc/ssd1963_fsmc.h:121:20:LCD_Send_Dat	16	static
../Core/Src/ssd1963_fsmc.c:14:6:swap	24	static
../Core/Src/ssd1963_fsmc.c:29:24:H24_RGB565	24	static
../Core/Src/ssd1963_fsmc.c:41:6:Command_Write	16	static
../Core/Src/ssd1963_fsmc.c:67:20:LCD_Window	24	static
../Core/Src/ssd1963_fsmc.c:97:6:LCD_Pixel	16	static
../Core/Src/ssd1963_fsmc.c:103:6:LCD_Rect_Fill	32	static
../Core/Src/ssd1963_fsmc.c:109:6:LCD_Rect_flush	40	static
../Core/Src/ssd1963_fsmc.c:122:6:LCD_Line	56	static
../Core/Src/ssd1963_fsmc.c:149:6:LCD_Triangle	32	static
../Core/Src/ssd1963_fsmc.c:156:6:LCD_Rect	32	static
../Core/Src/ssd1963_fsmc.c:164:6:LCD_Ellipse	56	static
../Core/Src/ssd1963_fsmc.c:228:6:LCD_Circle	48	static
../Core/Src/ssd1963_fsmc.c:266:6:LCD_Circle_Helper	48	static
../Core/Src/ssd1963_fsmc.c:302:6:LCD_Rect_Round	32	static
../Core/Src/ssd1963_fsmc.c:315:6:LCD_Circle_Fill_Helper	48	static
../Core/Src/ssd1963_fsmc.c:344:6:LCD_Rect_Round_Fill	32	static
../Core/Src/ssd1963_fsmc.c:351:13:LCD_Char	56	static
../Core/Src/ssd1963_fsmc.c:386:6:LCD_Font	72	static
../Core/Src/ssd1963_fsmc.c:409:6:LCD_clear	16	static
../Core/Src/ssd1963_fsmc.c:434:6:LCD_Init	8	static
../Core/Src/ssd1963_fsmc.c:529:6:ssd1963_flush	56	static
../Core/Src/ssd1963_fsmc.c:562:6:LCD_Bright	16	static
