../Core/Src/stm32f4xx_hal_msp.c:63:6:HAL_MspInit	16	static
../Core/Src/stm32f4xx_hal_msp.c:85:6:HAL_SPI_MspInit	56	static
../Core/Src/stm32f4xx_hal_msp.c:147:6:HAL_SPI_MspDeInit	16	static
../Core/Src/stm32f4xx_hal_msp.c:196:6:HAL_TIM_Base_MspInit	24	static
../Core/Src/stm32f4xx_hal_msp.c:235:6:HAL_TIM_Base_MspDeInit	16	static
../Core/Src/stm32f4xx_hal_msp.c:274:6:HAL_UART_MspInit	48	static
../Core/Src/stm32f4xx_hal_msp.c:313:6:HAL_UART_MspDeInit	16	static
../Core/Src/stm32f4xx_hal_msp.c:340:13:HAL_FSMC_MspInit	32	static
../Core/Src/stm32f4xx_hal_msp.c:398:6:HAL_SRAM_MspInit	16	static
../Core/Src/stm32f4xx_hal_msp.c:410:13:HAL_FSMC_MspDeInit	8	static
../Core/Src/stm32f4xx_hal_msp.c:456:6:HAL_SRAM_MspDeInit	16	static
